// Vitest Snapshot v1, https://vitest.dev/guide/snapshot.html

exports[`/api/dokumenter/[journalpostId]/[dokumentId]/forhandsvisning > svarer med en liste dokumenter 1`] = `""`;
